
> web@0.1.0 build
> next build

npm : ΓÜá Warning: Next.js inferred your workspace 
root, but it may not be correct.
At line:1 char:1
+ npm run build > build_error.log 2>&1
+ ~~~~~~~~~~~~~~~~~~~~~~~~~~~~~~~~~~~~
    + CategoryInfo          : NotSpecified: (ΓÜá Wa 
   rning: Ne...not be correct.:String) [], RemoteE  
  xception
    + FullyQualifiedErrorId : NativeCommandError
 
 We detected multiple lockfiles and selected the 
directory of C:\Users\tevat\package-lock.json as 
the root directory.
 To silence this warning, set `turbopack.root` in 
your Next.js config, or consider removing one of 
the lockfiles if it's not needed.
   See https://nextjs.org/docs/app/api-reference/con
fig/next-config-js/turbopack#root-directory for 
more information.
 Detected additional lockfiles: 
   * C:\Users\tevat\researchopportunities\web\packag
e-lock.json

Γû▓ Next.js 16.1.6 (Turbopack)
- Environments: .env.local

  Creating an optimized production build ...
Γ£ô Compiled successfully in 6.1s
  Running TypeScript ...
Failed to compile.

./components/facility/SafetyScoreGauge.tsx:1:20
Type error: Cannot find module '@/lib/utils' or its 
corresponding type declarations.

[0m[31m[1m>[22m[39m[90m 1 |[39m 
[36mimport[39m { cn } [36mfrom[39m 
[32m"@/lib/utils"[39m[33m;[39m
 [90m   |[39m                    
[31m[1m^[22m[39m
 [90m 2 |[39m [36mimport[39m { 
[33mShieldCheck[39m[33m,[39m 
[33mShieldAlert[39m[33m,[39m [33mShieldX[39m 
} [36mfrom[39m [32m"lucide-react"[39m[33m;[39m
 [90m 3 |[39m
 [90m 4 |[39m [36minterface[39m 
[33mSafetyScoreGaugeProps[39m {[0m
Next.js build worker exited with code: 1 and 
signal: null
